// Vitest Snapshot v1, https://vitest.dev/guide/snapshot.html

exports[`toPublishedRecord > renders an approved Korean narrative using only the public archive allowlist 1`] = `
"---
id: "rainy-return"
recordNumber: "08"
title: "비가 그친 뒤"
summary: "비가 그친 뒤, 두 사람은 처마 아래에서 잠시 머문다."
stage: 7
date: "2026-08-15"
status: confirmed
characters: ["cheonryeong", "muyeong"]
tags: ["비", "귀환"]
related: ["witnessing"]
quote: "이번에는 물러서지 않았다."
cinematic: false
---
비가 멎은 처마 아래에서, 천령은 무영의 젖은 소매를 조용히 짜 주었다.

무영은 이번에는 물러서지 않았다.
"
`;
